
╭────────╮╭───────────────────╮                                                     
│  tray  ││  garage · August  │                                                     
│        └┴───────────────────┴─────────────────────────────────────────────────────
│                                                                                  │
│         task                         pri  due         tags                       │
│  ▸  [ ] Rotate the api keys          H    Wed Aug 12  #infra                     │
│     [ ] Chase the invoice            M    Tue Aug 25  #admin                     │
│     [ ] Book the flights             L    Thu Aug 20                             │
│     [ ] Review the deploy checklist  M                #infra                     │
│                                                                                  │
│  1 selected                                                                      │
│  ▸ r  rewrite                                                                    │
│    #  tag                                                                        │
│    x  done                                                                       │
│    d  hand back                                                                  │
│    >  move to                                                                    │
│                                                                                  │
└──────────────────────────────────────────────────────────────────────────────────┘
 ↑↓ choose · enter apply · esc back
