
╭────────╮╭───────────────────╮                                                     
│  tray  ││  garage · August  │                                                     
│        └┴───────────────────┴─────────────────────────────────────────────────────
│                                                                                  │
│         id    task                         pri  due         tags                 │
│  ▸  [ ] id01  Rotate the api keys          H    Wed Aug 12  #infra               │
│     [ ] id04  Chase the invoice            M    Tue Aug 25  #admin               │
│     [ ] id02  Book the flights             L    Thu Aug 20                       │
│                                                                                  │
│  1 selected                                                                      │
│  ▸ r  rewrite                                                                    │
│    #  tag                                                                        │
│    n  note                                                                       │
│    x  done                                                                       │
│    d  hand back                                                                  │
│    >  move to                                                                    │
│                                                                                  │
└──────────────────────────────────────────────────────────────────────────────────┘
 ↑↓ choose · enter apply · esc back
