
╭────────╮╭───────────────────╮                                                     
│  tray  ││  garage · August  │                                                     
│        └┴───────────────────┴─────────────────────────────────────────────────────
│                                                                                  │
│  ✓ done — what you finished here                                                 │
│         task                       urg  pri  due  tags                           │
│  ▸  [x] Renew the TLS certificate  6.0  H                                        │
│                                                                                  │
│                                                                                  │
│                                                                                  │
│                                                                                  │
│                                                                                  │
│                                                                                  │
│  1 selected                                                                      │
│  ▸ R  restore                                                                    │
│    E  erase                                                                      │
│                                                                                  │
└──────────────────────────────────────────────────────────────────────────────────┘
 ↑↓ choose · enter apply · esc back
