
╭────────╮╭───────────────────╮                                                     
│  tray  ││  garage · August  │                                                     
│        └┴───────────────────┴─────────────────────────────────────────────────────
│                                                                                  │
│  ✓ done — what you finished here                                                 │
│         task                       urg  pri  due  tags                           │
│  ▸  [x] Renew the TLS certificate  6.0  H                                        │
│     [x] Book the flights           1.8  L                                        │
│                                                                                  │
│                                                                                  │
│                                                                                  │
│                                                                                  │
│                                                                                  │
│                                                                                  │
│                                                                                  │
│                                                                                  │
└──────────────────────────────────────────────────────────────────────────────────┘
 ↑↓ move · space select · tab switch · R restore · E erase · v back · / filter
 ? help · q quit                                                              
