
╭────────╮╭───────────────────╮                                                     
│  tray  ││  garage · August  │                                                     
│        └┴───────────────────┴─────────────────────────────────────────────────────
│                                                                                  │
│     task                 urg  pri  due  tags                                     │
│     Rotate the api keys  6.0  H                                                  │
│  ▸✓ Renew the passport   6.0  H                                                  │
│                                                                                  │
│                                                                                  │
│                                                                                  │
│                                                                                  │
│                                                                                  │
│                                                                                  │
│                                                                                  │
│  1 selected                                                                      │
│  ▸ R  restore                                                                    │
│                                                                                  │
└──────────────────────────────────────────────────────────────────────────────────┘
 j k choose · enter apply · esc back
