
╭────────╮╭───────────────────╮                                                     
│  tray  ││  garage · August  │                                                     
│        └┴───────────────────┴─────────────────────────────────────────────────────
│                                                                                  │
│  ✓ done — what you finished here                                                 │
│         task                       urg  pri  due  tags                           │
│  ▸  [x] Renew the TLS certificate  6.0  H                                        │
│                                                                                  │
│                                                                                  │
│                                                                                  │
│                                                                                  │
│                                                                                  │
│                                                                                  │
│                                                                                  │
│  erase Renew the TLS certificate?  this removes it from the file — y to erase,   │
│  any other key to keep                                                           │
│                                                                                  │
└──────────────────────────────────────────────────────────────────────────────────┘
 y erase · any other key keep it
