
╭────────╮╭───────────────────╮                                                     
│  tray  ││  garage · August  │                                                     
│        └┴───────────────────┴─────────────────────────────────────────────────────
│                                                                                  │
│  /inv                                                                            │
│         task                         pri  due             tags                   │
│  ▸  [ ] Rotate the api keys          H    2026-08-12 Wed  +infra                 │
│     [ ] Chase the invoice            M    2026-08-25 Tue  +admin                 │
│     [ ] Book the flights             L    2026-08-20 Thu                         │
│     [ ] Review the deploy checklist  M                    +infra                 │
│                                                                                  │
│                                                                                  │
│                                                                                  │
│                                                                                  │
│                                                                                  │
│                                                                                  │
└──────────────────────────────────────────────────────────────────────────────────┘
 ↑↓ move · space select · tab switch · enter act · a add · v review · / filter
 ? help · q quit                                                              
