
╭────────╮╭───────────────────╮                                                     
│  tray  ││  garage · August  │                                                     
├────────┴┘                   └─────────────────────────────────────────────────────
│                                                                                  │
│       task                                                  tags                 │
│  ▸    ?? that config thing — does it even matter now                             │
│       add metrics to the worker                             +infra               │
│       chase the landlord about the boiler                                        │
│                                                                                  │
│                                                                                  │
│                                                                                  │
│                                                                                  │
│                                                                                  │
│                                                                                  │
│                                                                                  │
│                                                                                  │
└──────────────────────────────────────────────────────────────────────────────────┘
 ↑↓ move · space select · tab switch · enter act · a add · t take · v show done
 / filter · ? help · q quit                                                    
