╭────────╮╭───────────────────╮                                                     
│  tray  ││  garage · August  │                                                     
├────────┴┘                   └─────────────────────────────────────────────────────
│                                                                                  │
│     task                                                  tags                   │
│  ▸  ?? that config thing — does it even matter now                               │
│     add metrics to the worker                             +infra                 │
│     chase the landlord about the boiler                                          │
│                                                                                  │
│                                                                                  │
│                                                                                  │
│                                                                                  │
│                                                                                  │
│                                                                                  │
│                                                                                  │
│                                                                                  │
│                                                                                  │
│                                                                                  │
└──────────────────────────────────────────────────────────────────────────────────┘
 j k move · h l tab · enter act · a add · t take · / filter · ? help · q quit
