
╭────────╮╭───────────────────╮                                                 
│  tray  ││  garage · August  │                                                 
│        └┴───────────────────┴─────────────────────────────────────────────────
│                                                                              │
│  Dump anything into the garage; take a few things onto the tray.             │
│                                                                              │
│  ╭──────────────────────────╮        ╭──────────────────────────╮            │
│  │ garage                   │        │ tray                     │            │
│  │ anything, half-formed.   │  t take│ three to seven things    │            │
│  │ nothing is asked of you  │  ─────▶│ you are doing now        │            │
│  │                          │  ◀─────│ priority · due · tags    │            │
│  │ a  dump a line           │  d back│ a  add, with the form    │            │
│  ╰──────────────────────────╯        ╰──────────────────────────╯            │
│                                                                              │
│  Structure is paid for once, when something graduates — never at capture.    │
│                                                                              │
│  moving                choosing           acting                             │
│  ↑↓  j k move          space   select     a       add     d       hand back  │
│  tab     switch layer  enter   the menu   t       take    >       move to    │
│                        /       filter     r       retake  D       delete     │
│                        v       show done  x       done    R       restore    │
│                                                                              │
│                                                                              │
└──────────────────────────────────────────────────────────────────────────────┘
 ? esc  close
