
╭────────╮╭───────────────────╮                                                     
│  tray  ││  garage · August  │                                                     
│        └┴───────────────────┴─────────────────────────────────────────────────────
│                                                                                  │
│     task                         urg   pri  due             tags                 │
│  ▸  Rotate the api keys          17.1  H    2026-08-12 Wed  +infra               │
│     Chase the invoice            8.1   M    2026-08-25 Tue  +admin               │
│     Book the flights             7.3   L    2026-08-20 Thu                       │
│     Review the deploy checklist  4.7   M                    +infra               │
│                                                                                  │
│                                                                                  │
│                                                                                  │
│                                                                                  │
└──────────────────────────────────────────────────────────────────────────────────┘
 j k move         space mark   r retake      / filter
g G top bottom   enter act    x done        ? help   
h l tab          a     add    d hand back   q quit   
                              > move to              
                              D delete               
