
╭────────╮╭───────────────────╮                                                     
│  tray  ││  garage · August  │                                                     
│        └┴───────────────────┴─────────────────────────────────────────────────────
│                                                                                  │
│         id    task    pri  due  tags                                             │
│  ▸  [ ] id01  task a  M                                                          │
│     [ ] id02  task b  M                                                          │
│     [ ] id03  task c  M                                                          │
│     [ ] id04  task d  M                                                          │
│     [ ] id05  task e  M                                                          │
│     [ ] id06  task f  M                                                          │
│     [ ] id07  task g  M                                                          │
│     [ ] id08  task h  M                                                          │
│     [ ] id09  task i  M                                                          │
│     [ ] id10  task j  M                                                          │
│                                                                                  │
└──────────────────────────────────────────────────────────────────────────────────┘
 ↑↓ move · space select · tab switch · enter act · a add · v review · S sync
 / filter · ? help · q quit                                                 
