
╭────────╮╭───────────────────╮                                                     
│  tray  ││  garage · August  │                                                     
│        └┴───────────────────┴─────────────────────────────────────────────────────
│                                                                                  │
│         id  task    pri  due  tags                                               │
│  ▸  [ ] 1   task a  M                                                            │
│     [ ] 2   task b  M                                                            │
│     [ ] 3   task c  M                                                            │
│     [ ] 4   task d  M                                                            │
│     [ ] 5   task e  M                                                            │
│     [ ] 6   task f  M                                                            │
│     [ ] 7   task g  M                                                            │
│     [ ] 8   task h  M                                                            │
│     [ ] 9   task i  M                                                            │
│     [ ] 10  task j  M                                                            │
│                                                                                  │
└──────────────────────────────────────────────────────────────────────────────────┘
 ↑↓ move · space select · tab switch · enter act · a add · v review · / filter
 ? help · q quit                                                              
