
╭────────╮╭───────────────────╮               
│  tray  ││  garage · August  │               
│        └┴───────────────────┴───────────────
│                                            │
│         task             pri  due  tags    │
│  ▸  [ ] a task with a …  H         +infra  │
│                                            │
└────────────────────────────────────────────┘
 ↑↓ move · space select · tab switch    
 enter act · a add · v review · / filter
 ? help · q quit                        
