
╭────────╮╭───────────────────╮               
│  tray  ││  garage · August  │               
│        └┴───────────────────┴───────────────
│                                            │
│         id    task       pri  due  tags    │
│  ▸  [ ] id01  a task w…  H         #infra  │
│                                            │
└────────────────────────────────────────────┘
 ↑↓ move · space select · tab switch    
 enter act · a add · v review · / filter
 ? help · q quit                        
