╭────────╮╭───────────────────╮                                                     
│  tray  ││  garage · August  │                                                     
│        └┴───────────────────┴─────────────────────────────────────────────────────
│                                                                                  │
│                                                                                  │
│    retake                                                                        │
│                                                                                  │
│    title     Rotate the api keys                                                 │
│    priority  (•) H  ( ) M  ( ) L                                                 │
│    due       2026-08-12 Wed                                                      │
│    tag       infra                                                               │
│                                                                                  │
│    ↑↓ field · type to edit · enter save · esc cancel                             │
│                                                                                  │
│                                                                                  │
│                                                                                  │
│                                                                                  │
│                                                                                  │
└──────────────────────────────────────────────────────────────────────────────────┘
