
╭────────╮╭───────────────────╮                                                     
│  tray  ││  garage · August  │                                                     
│        └┴───────────────────┴─────────────────────────────────────────────────────
│                                                                                  │
│  review mode  ·  v/esc to leave                                                  │
│         task                       pri  due  tags                                │
│     [ ] Rotate the api keys        H                                             │
│  ▸  [x] Renew the TLS certificate  H                                             │
│                                                                                  │
│                                                                                  │
│                                                                                  │
│                                                                                  │
│                                                                                  │
│  1 selected                                                                      │
│  ▸ R  restore                                                                    │
│    E  erase                                                                      │
│                                                                                  │
└──────────────────────────────────────────────────────────────────────────────────┘
 ↑↓ choose · enter apply · esc back
