
╭────────╮╭───────────────────╮                                                     
│  tray  ││  garage · August  │                                                     
│        └┴───────────────────┴─────────────────────────────────────────────────────
│                                                                                  │
│  review mode  ·  v/esc to leave                                                  │
│         task                       pri  due             tags                     │
│  ▸  [ ] Rotate the api keys        H    2026-08-12 Wed  +infra                   │
│     [ ] Chase the invoice          M    2026-08-25 Tue  +admin                   │
│     [x] Renew the TLS certificate  H                                             │
│     [x] Book the flights           L                                             │
│                                                                                  │
│                                                                                  │
│                                                                                  │
│                                                                                  │
│                                                                                  │
│                                                                                  │
│                                                                                  │
└──────────────────────────────────────────────────────────────────────────────────┘
 space select · R restore · E erase · / filter · ? help · q quit
