
╭────────╮╭───────────────────╮                                                     
│  tray  ││  garage · August  │                                                     
│        └┴───────────────────┴─────────────────────────────────────────────────────
│                                                                                  │
│  review mode  ·  v/esc to leave                                                  │
│         id  task                       pri  due  tags                            │
│     [ ] 1   Rotate the api keys        H                                         │
│  ▸  [x] 2   Renew the TLS certificate  H                                         │
│                                                                                  │
│                                                                                  │
│                                                                                  │
│                                                                                  │
│                                                                                  │
│  1 selected                                                                      │
│  ▸ R  restore                                                                    │
│    E  erase                                                                      │
│                                                                                  │
└──────────────────────────────────────────────────────────────────────────────────┘
 ↑↓ choose · enter apply · esc back
