
╭────────╮╭───────────────────╮                                                     
│  tray  ││  garage · August  │                                                     
│        └┴───────────────────┴─────────────────────────────────────────────────────
│                                                                                  │
│  review mode  ·  v/esc to leave                                                  │
│         id    task                       pri  due         tags                   │
│  ▸  [ ] id01  Rotate the api keys        H    Wed Aug 12  #infra                 │
│     [ ] id03  Chase the invoice          M    Tue Aug 25  #admin                 │
│     [x] id02  Renew the TLS certificate  H                                       │
│     [x] id04  Book the flights           L                                       │
│                                                                                  │
│                                                                                  │
│                                                                                  │
│                                                                                  │
│                                                                                  │
│                                                                                  │
│                                                                                  │
└──────────────────────────────────────────────────────────────────────────────────┘
 space select · R restore · E erase · / filter · ? help · q quit
