
╭────────╮╭───────────────────╮                                                     
│  tray  ││  garage · August  │                                                     
│        └┴───────────────────┴─────────────────────────────────────────────────────
│                                                                                  │
│                                                                                  │
│    rewrite                                                                       │
│                                                                                  │
│    title     Rotate the api keys                                                 │
│    priority  (•) H  ( ) M  ( ) L                                                 │
│    due       Wed Aug 12                                                          │
│    tag       infra                                                               │
│    note      none                                                                │
│                                                                                  │
│    ↑↓ field · ← → move · type to edit · enter save · esc cancel                  │
│                                                                                  │
│                                                                                  │
│                                                                                  │
│                                                                                  │
└──────────────────────────────────────────────────────────────────────────────────┘
