
╭────────╮╭───────────────────╮                                                     
│  tray  ││  garage · August  │                                                     
│        └┴───────────────────┴─────────────────────────────────────────────────────
│                                                                                  │
│     task                 urg   pri  due             tags                         │
│  ▸  Rotate the api keys  17.1  H    2026-08-12 Wed  +infra                       │
│     Chase the invoice    8.1   M    2026-08-25 Tue  +admin                       │
│   ✓ Renew the passport   6.0   H                                                 │
│   ✗ Book the flights     1.8   L                                                 │
│                                                                                  │
│                                                                                  │
│                                                                                  │
│                                                                                  │
│                                                                                  │
│                                                                                  │
│                                                                                  │
└──────────────────────────────────────────────────────────────────────────────────┘
 j k move · space mark · h l tab · enter act · a add · v hide done · / filter
 ? help · q quit                                                             
