
╭────────╮╭──────────╮╭─────────────╮╭───────────╮                                  
│  July  ││  August  ││  September  ││  someday  │                                  
├────────┴┘          └┴─────────────┴┴───────────┴──────────────────────────────────
│                                                                                  │
│       id    task                 tags                                            │
│  ▸    id03  dumped this month                                                    │
│       id04  another jotting      #infra                                          │
│                                                                                  │
│                                                                                  │
│                                                                                  │
│                                                                                  │
│                                                                                  │
│                                                                                  │
│                                                                                  │
│                                                                                  │
│                                                                                  │
└──────────────────────────────────────────────────────────────────────────────────┘
 ↑↓ move · space select · tab switch · > move to · t take · enter act · v review
 ? help · q quit                                                                
