
╭────────╮╭──────────╮╭─────────────╮╭───────────╮                                  
│  July  ││  August  ││  September  ││  someday  │                                  
├────────┴┘          └┴─────────────┴┴───────────┴──────────────────────────────────
│                                                                                  │
│     task                     tags                                                │
│  ▸  dumped this month                                                            │
│     another jotting          +infra                                              │
│                                                                                  │
│                                                                                  │
│                                                                                  │
│                                                                                  │
│                                                                                  │
│                                                                                  │
│                                                                                  │
│                                                                                  │
│                                                                                  │
│                                                                                  │
└──────────────────────────────────────────────────────────────────────────────────┘
 j k move · h l tab · enter act · a add · t take · / filter · ? help · q quit
