
╭────────╮╭───────────────────╮                                                     
│  tray  ││  garage · August  │                                                     
│        └┴───────────────────┴─────────────────────────────────────────────────────
│                                                                                  │
│  nothing on the tray — a to add one, or take something from the garage           │
│                                                                                  │
│                                                                                  │
│                                                                                  │
│                                                                                  │
│                                                                                  │
│                                                                                  │
│                                                                                  │
│                                                                                  │
│                                                                                  │
│                                                                                  │
│                                                                                  │
└──────────────────────────────────────────────────────────────────────────────────┘
 ↑↓ move · space select · tab switch · enter act · a add · v done view · / filter
 ? help · q quit                                                                 
