╭────────╮╭───────────────────╮                                                     
│  tray  ││  garage · August  │                                                     
│        └┴───────────────────┴─────────────────────────────────────────────────────
│                                                                                  │
│  nothing on the tray — a to add one, or take something from the garage           │
│                                                                                  │
│                                                                                  │
│                                                                                  │
│                                                                                  │
│                                                                                  │
│                                                                                  │
│                                                                                  │
│                                                                                  │
│                                                                                  │
│                                                                                  │
│                                                                                  │
│                                                                                  │
└──────────────────────────────────────────────────────────────────────────────────┘
 j k move · h l tab · enter act · a add · / filter · ? help · q quit
